// Jest Snapshot v1, https://goo.gl/fbAQLP

exports[`<ErrorMessage /> renders correctly 1`] = `
<View
  style={
    Object {
      "alignItems": "center",
      "flex": 1,
      "justifyContent": "center",
      "marginHorizontal": 10,
    }
  }
>
  <View
    style={
      Object {
        "alignItems": "center",
        "justifyContent": "center",
        "marginBottom": 16,
      }
    }
  >
    <Text>
      Download Error
    </Text>
    <Text>
      Check your internet settings and retry.
    </Text>
  </View>
</View>
`;
